src/components/TreeScene.tsx(344,13): error TS6133: 'state' is declared but its value is never read.
src/components/UsernameAvatarForm.tsx(7,17): error TS2339: Property 'loadProfile' does not exist on type '{ user: User | null; profile: Profile | null; loading: boolean; signIn: (email: string, password: string) => Promise<{ user: User; session: Session; weakPassword?: WeakPassword | undefined; }>; signUp: (email: string, password: string) => Promise<...>; signOut: () => Promise<...>; isAdmin: boolean; }'.
src/components/UsernameAvatarForm.tsx(79,70): error TS2769: No overload matches this call.
  Overload 1 of 2, '(values: never, options?: { count?: "exact" | "planned" | "estimated" | undefined; } | undefined): PostgrestFilterBuilder<{ PostgrestVersion: "12"; }, never, never, null, "profiles", never, "POST">', gave the following error.
    Argument of type '{ id: string; username: string; avatar_url: string; }' is not assignable to parameter of type 'never'.
  Overload 2 of 2, '(values: never[], options?: { count?: "exact" | "planned" | "estimated" | undefined; defaultToNull?: boolean | undefined; } | undefined): PostgrestFilterBuilder<{ PostgrestVersion: "12"; }, never, never, null, "profiles", never, "POST">', gave the following error.
    Object literal may only specify known properties, and 'id' does not exist in type 'never[]'.
src/hooks/useAuth.ts(80,36): error TS2339: Property 'env' does not exist on type 'ImportMeta'.
src/hooks/useNotes.ts(59,8): error TS2769: No overload matches this call.
  Overload 1 of 2, '(values: never, options?: { count?: "exact" | "planned" | "estimated" | undefined; } | undefined): PostgrestFilterBuilder<{ PostgrestVersion: "12"; }, never, never, null, "notes", never, "POST">', gave the following error.
    Argument of type '{ user_id: string; x: number; y: number; z: number; text: string; }' is not assignable to parameter of type 'never'.
  Overload 2 of 2, '(values: never[], options?: { count?: "exact" | "planned" | "estimated" | undefined; defaultToNull?: boolean | undefined; } | undefined): PostgrestFilterBuilder<{ PostgrestVersion: "12"; }, never, never, null, "notes", never, "POST">', gave the following error.
    Object literal may only specify known properties, and 'user_id' does not exist in type 'never[]'.
src/hooks/useNotes.ts(98,60): error TS2339: Property 'user_id' does not exist on type 'never'.
src/hooks/useNotes.ts(107,11): error TS2698: Spread types may only be created from object types.
src/hooks/useNotes.ts(108,48): error TS2339: Property 'id' does not exist on type 'never'.
src/hooks/useNotes.ts(108,60): error TS2339: Property 'user_id' does not exist on type 'never'.
src/lib/supabaseClient.ts(6,33): error TS2339: Property 'env' does not exist on type 'ImportMeta'.
src/lib/supabaseClient.ts(7,37): error TS2339: Property 'env' does not exist on type 'ImportMeta'.
src/pages/TreePage.tsx(28,46): error TS2339: Property 'id' does not exist on type 'never'.
